EN blockram NULL D:/University/13971/SD/P8/ipcore_dir/BlockRam.vhd sub00/vhpl00 1546819109
EN top NULL D:/University/13971/SD/P8/top.vhd sub00/vhpl02 1546819111
AR top behavioral D:/University/13971/SD/P8/top.vhd sub00/vhpl03 1546819112
AR blockram blockram_a D:/University/13971/SD/P8/ipcore_dir/BlockRam.vhd sub00/vhpl01 1546819110
