AR my_abs behavioral D:/University/13971/SD/E5/MY_abs.vhd sub00/vhpl03 1544452755
PH my_pakage NULL D:/University/13971/SD/E5/my_pakage.vhd sub00/vhpl00 1544452752
PB my_pakage my_pakage D:/University/13971/SD/E5/my_pakage.vhd sub00/vhpl01 1544452753
EN my_abs NULL D:/University/13971/SD/E5/MY_abs.vhd sub00/vhpl02 1544452754
